
The following have been reloaded with a version change:
  1) gcc-native/14 => gcc-native/13.2

== inputs Fri Jul 10 01:48:47 AM PDT 2026 ==
meshes: surface n=6384 (mean r 6366.2 km), core n=1584 (mean r 3175.7 km)
  ST00 face  3396  dist   20.01 deg  lat   14.962 lon    -6.220 r 6365.9 km
  ST01 face  5447  dist   29.98 deg  lat   22.710 lon    37.822 r 6366.2 km
  ST02 face  2047  dist   45.00 deg  lat   -3.038 lon   -32.143 r 6366.2 km
  ST03 face  1594  dist   59.99 deg  lat  -30.494 lon    61.788 r 6365.9 km
  ST04 face  5255  dist   75.01 deg  lat   -3.502 lon   -62.512 r 6365.9 km
  ST05 face  1243  dist   90.01 deg  lat   74.675 lon   124.585 r 6366.2 km
  ST06 face  5405  dist  105.01 deg  lat  -30.680 lon   -91.914 r 6366.5 km
  ST07 face  2594  dist  119.99 deg  lat   36.225 lon   146.433 r 6366.2 km
  ST08 face  4697  dist  135.00 deg  lat   38.652 lon  -161.949 r 6366.2 km
  ST09 face  3809  dist  150.08 deg  lat   11.994 lon  -143.961 r 6366.1 km
  ST10 face   408  dist  160.03 deg  lat   -5.103 lon   171.955 r 6366.1 km
  ST11 face  3288  dist  170.03 deg  lat    3.518 lon  -170.967 r 6366.2 km
wrote DSM inputs + manifest.json
== BEM homog Fri Jul 10 01:50:23 AM PDT 2026 ==
homog: system size 19152, geometry built in 16.1 s
  k= 11 f=4.1962e-05 Hz  150.8 s
  k= 13 f=4.9591e-05 Hz  151.6 s
  k=  1 f=3.8147e-06 Hz  153.1 s
  k= 12 f=4.5776e-05 Hz  154.8 s
  k=  7 f=2.6703e-05 Hz  156.1 s
  k= 10 f=3.8147e-05 Hz  156.2 s
  k=  8 f=3.0518e-05 Hz  157.0 s
  k= 14 f=5.3406e-05 Hz  157.6 s
  k=  3 f=1.1444e-05 Hz  158.1 s
  k=  5 f=1.9073e-05 Hz  160.2 s
  k=  9 f=3.4332e-05 Hz  161.4 s
  k= 16 f=6.1035e-05 Hz  161.4 s
  k=  4 f=1.5259e-05 Hz  162.4 s
  k=  2 f=7.6294e-06 Hz  163.0 s
  k= 15 f=5.7220e-05 Hz  163.3 s
  k=  6 f=2.2888e-05 Hz  164.0 s
  k= 18 f=6.8665e-05 Hz  149.1 s
  k= 20 f=7.6294e-05 Hz  148.6 s
  k= 19 f=7.2479e-05 Hz  150.3 s
  k= 17 f=6.4850e-05 Hz  153.8 s
  k= 25 f=9.5367e-05 Hz  149.8 s
  k= 21 f=8.0109e-05 Hz  151.9 s
  k= 24 f=9.1553e-05 Hz  150.5 s
  k= 22 f=8.3923e-05 Hz  152.9 s
  k= 23 f=8.7738e-05 Hz  155.8 s
  k= 26 f=9.9182e-05 Hz  153.4 s
  k= 28 f=1.0681e-04 Hz  155.1 s
  k= 31 f=1.1826e-04 Hz  153.3 s
  k= 30 f=1.1444e-04 Hz  154.0 s
  k= 32 f=1.2207e-04 Hz  154.3 s
  k= 29 f=1.1063e-04 Hz  156.3 s
  k= 27 f=1.0300e-04 Hz  157.4 s
  k= 33 f=1.2589e-04 Hz  150.6 s
  k= 34 f=1.2970e-04 Hz  150.0 s
  k= 35 f=1.3351e-04 Hz  152.0 s
  k= 36 f=1.3733e-04 Hz  151.9 s
  k= 38 f=1.4496e-04 Hz  150.4 s
  k= 37 f=1.4114e-04 Hz  151.3 s
  k= 39 f=1.4877e-04 Hz  152.8 s
  k= 40 f=1.5259e-04 Hz  152.6 s
  k= 41 f=1.5640e-04 Hz  155.0 s
  k= 42 f=1.6022e-04 Hz  155.6 s
  k= 44 f=1.6785e-04 Hz  152.8 s
  k= 43 f=1.6403e-04 Hz  153.1 s
  k= 45 f=1.7166e-04 Hz  155.0 s
  k= 47 f=1.7929e-04 Hz  154.4 s
  k= 46 f=1.7548e-04 Hz  156.0 s
  k= 48 f=1.8311e-04 Hz  155.6 s
  k= 49 f=1.8692e-04 Hz  149.9 s
  k= 50 f=1.9073e-04 Hz  149.7 s
  k= 51 f=1.9455e-04 Hz  150.6 s
  k= 52 f=1.9836e-04 Hz  150.4 s
  k= 54 f=2.0599e-04 Hz  150.4 s
  k= 53 f=2.0218e-04 Hz  151.8 s
  k= 55 f=2.0981e-04 Hz  152.8 s
  k= 56 f=2.1362e-04 Hz  155.3 s
  k= 57 f=2.1744e-04 Hz  153.5 s
  k= 59 f=2.2507e-04 Hz  152.3 s
  k= 58 f=2.2125e-04 Hz  153.1 s
  k= 60 f=2.2888e-04 Hz  153.5 s
  k= 61 f=2.3270e-04 Hz  153.8 s
  k= 62 f=2.3651e-04 Hz  153.9 s
  k= 63 f=2.4033e-04 Hz  153.3 s
  k= 64 f=2.4414e-04 Hz  153.7 s
  k= 65 f=2.4796e-04 Hz  151.8 s
  k= 66 f=2.5177e-04 Hz  152.7 s
  k= 67 f=2.5558e-04 Hz  150.3 s
  k= 70 f=2.6703e-04 Hz  150.5 s
  k= 68 f=2.5940e-04 Hz  154.0 s
  k= 69 f=2.6321e-04 Hz  151.3 s
  k= 71 f=2.7084e-04 Hz  150.3 s
  k= 72 f=2.7466e-04 Hz  156.7 s
  k= 74 f=2.8229e-04 Hz  152.7 s
  k= 73 f=2.7847e-04 Hz  153.5 s
  k= 76 f=2.8992e-04 Hz  152.9 s
  k= 75 f=2.8610e-04 Hz  155.1 s
  k= 77 f=2.9373e-04 Hz  156.7 s
  k= 78 f=2.9755e-04 Hz  155.9 s
  k= 79 f=3.0136e-04 Hz  155.6 s
  k= 80 f=3.0518e-04 Hz  155.4 s
  k= 82 f=3.1281e-04 Hz  149.5 s
  k= 81 f=3.0899e-04 Hz  153.2 s
  k= 83 f=3.1662e-04 Hz  151.1 s
  k= 86 f=3.2806e-04 Hz  148.9 s
  k= 84 f=3.2043e-04 Hz  149.9 s
  k= 85 f=3.2425e-04 Hz  153.5 s
  k= 87 f=3.3188e-04 Hz  152.1 s
  k= 90 f=3.4332e-04 Hz  148.3 s
  k= 88 f=3.3569e-04 Hz  154.8 s
  k= 91 f=3.4714e-04 Hz  152.6 s
  k= 89 f=3.3951e-04 Hz  157.4 s
  k= 92 f=3.5095e-04 Hz  156.3 s
  k= 95 f=3.6240e-04 Hz  153.1 s
  k= 96 f=3.6621e-04 Hz  152.9 s
  k= 93 f=3.5477e-04 Hz  154.3 s
  k= 94 f=3.5858e-04 Hz  156.2 s
  k= 97 f=3.7003e-04 Hz  149.1 s
  k= 98 f=3.7384e-04 Hz  150.0 s
  k=101 f=3.8528e-04 Hz  150.3 s
  k= 99 f=3.7766e-04 Hz  155.5 s
  k=100 f=3.8147e-04 Hz  153.3 s
  k=102 f=3.8910e-04 Hz  154.1 s
  k=103 f=3.9291e-04 Hz  153.5 s
  k=104 f=3.9673e-04 Hz  150.2 s
  k=105 f=4.0054e-04 Hz  153.6 s
  k=106 f=4.0436e-04 Hz  156.0 s
  k=108 f=4.1199e-04 Hz  156.2 s
  k=109 f=4.1580e-04 Hz  154.4 s
  k=107 f=4.0817e-04 Hz  159.1 s
  k=110 f=4.1962e-04 Hz  154.7 s
  k=111 f=4.2343e-04 Hz  155.1 s
  k=112 f=4.2725e-04 Hz  158.1 s
  k=113 f=4.3106e-04 Hz  147.7 s
  k=114 f=4.3488e-04 Hz  148.0 s
  k=115 f=4.3869e-04 Hz  148.6 s
  k=117 f=4.4632e-04 Hz  149.1 s
  k=116 f=4.4250e-04 Hz  152.7 s
  k=119 f=4.5395e-04 Hz  151.5 s
  k=118 f=4.5013e-04 Hz  152.7 s
  k=120 f=4.5776e-04 Hz  152.3 s
  k=121 f=4.6158e-04 Hz  157.6 s
  k=122 f=4.6539e-04 Hz  156.0 s
  k=123 f=4.6921e-04 Hz  152.3 s
  k=124 f=4.7302e-04 Hz  152.7 s
  k=126 f=4.8065e-04 Hz  153.4 s
  k=125 f=4.7684e-04 Hz  156.0 s
  k=127 f=4.8447e-04 Hz  156.5 s
  k=128 f=4.8828e-04 Hz  153.4 s
  k=130 f=4.9591e-04 Hz  146.5 s
  k=129 f=4.9210e-04 Hz  149.0 s
  k=131 f=4.9973e-04 Hz  147.6 s
  k=132 f=5.0354e-04 Hz  146.0 s
  k=133 f=5.0735e-04 Hz  145.0 s
  k=135 f=5.1498e-04 Hz  142.9 s
  k=134 f=5.1117e-04 Hz  145.0 s
  k=136 f=5.1880e-04 Hz  142.0 s
  k=137 f=5.2261e-04 Hz  137.7 s
  k=138 f=5.2643e-04 Hz  138.5 s
homog: 138 harmonics in 1379.3 s (16 procs)
wrote bem_homog.npz
== BEM twolayer Fri Jul 10 02:13:39 AM PDT 2026 ==
twolayer: system size 28656, geometry built in 24.4 s
  k=  6 f=2.2888e-05 Hz  380.8 s
  k=  3 f=1.1444e-05 Hz  381.6 s
  k=  8 f=3.0518e-05 Hz  382.0 s
  k=  9 f=3.4332e-05 Hz  384.4 s
  k=  2 f=7.6294e-06 Hz  385.3 s
  k=  7 f=2.6703e-05 Hz  385.3 s
  k= 11 f=4.1962e-05 Hz  386.2 s
  k=  1 f=3.8147e-06 Hz  386.3 s
  k= 12 f=4.5776e-05 Hz  386.5 s
  k=  4 f=1.5259e-05 Hz  386.7 s
  k= 10 f=3.8147e-05 Hz  387.4 s
  k=  5 f=1.9073e-05 Hz  387.9 s
  k= 16 f=6.1035e-05 Hz  375.7 s
  k= 17 f=6.4850e-05 Hz  375.6 s
  k= 14 f=5.3406e-05 Hz  379.7 s
  k= 15 f=5.7220e-05 Hz  380.0 s
  k= 13 f=4.9591e-05 Hz  381.4 s
  k= 22 f=8.3923e-05 Hz  377.7 s
  k= 24 f=9.1553e-05 Hz  377.4 s
  k= 20 f=7.6294e-05 Hz  379.1 s
  k= 18 f=6.8665e-05 Hz  382.3 s
  k= 23 f=8.7738e-05 Hz  380.8 s
  k= 21 f=8.0109e-05 Hz  381.9 s
  k= 19 f=7.2479e-05 Hz  382.5 s
  k= 26 f=9.9182e-05 Hz  375.4 s
  k= 25 f=9.5367e-05 Hz  376.3 s
  k= 27 f=1.0300e-04 Hz  377.7 s
  k= 30 f=1.1444e-04 Hz  378.3 s
  k= 32 f=1.2207e-04 Hz  378.9 s
  k= 28 f=1.0681e-04 Hz  382.5 s
  k= 29 f=1.1063e-04 Hz  383.7 s
  k= 31 f=1.1826e-04 Hz  382.2 s
  k= 36 f=1.3733e-04 Hz  379.1 s
  k= 34 f=1.2970e-04 Hz  379.7 s
  k= 35 f=1.3351e-04 Hz  380.7 s
  k= 33 f=1.2589e-04 Hz  382.0 s
  k= 37 f=1.4114e-04 Hz  375.7 s
  k= 38 f=1.4496e-04 Hz  376.1 s
  k= 40 f=1.5259e-04 Hz  378.9 s
  k= 39 f=1.4877e-04 Hz  385.6 s
  k= 41 f=1.5640e-04 Hz  381.1 s
  k= 43 f=1.6403e-04 Hz  380.4 s
  k= 44 f=1.6785e-04 Hz  380.0 s
  k= 47 f=1.7929e-04 Hz  378.7 s
  k= 45 f=1.7166e-04 Hz  380.2 s
  k= 42 f=1.6022e-04 Hz  384.3 s
  k= 46 f=1.7548e-04 Hz  381.1 s
  k= 48 f=1.8311e-04 Hz  383.8 s
  k= 49 f=1.8692e-04 Hz  375.8 s
  k= 50 f=1.9073e-04 Hz  377.0 s
  k= 51 f=1.9455e-04 Hz  378.5 s
  k= 55 f=2.0981e-04 Hz  376.7 s
  k= 56 f=2.1362e-04 Hz  376.8 s
  k= 52 f=1.9836e-04 Hz  381.3 s
  k= 59 f=2.2507e-04 Hz  380.6 s
  k= 58 f=2.2125e-04 Hz  381.8 s
  k= 53 f=2.0218e-04 Hz  386.7 s
  k= 60 f=2.2888e-04 Hz  380.8 s
  k= 57 f=2.1744e-04 Hz  386.3 s
  k= 54 f=2.0599e-04 Hz  389.1 s
  k= 61 f=2.3270e-04 Hz  376.6 s
  k= 62 f=2.3651e-04 Hz  376.7 s
  k= 63 f=2.4033e-04 Hz  377.3 s
  k= 64 f=2.4414e-04 Hz  377.0 s
  k= 65 f=2.4796e-04 Hz  377.9 s
  k= 66 f=2.5177e-04 Hz  381.6 s
  k= 67 f=2.5558e-04 Hz  380.5 s
  k= 68 f=2.5940e-04 Hz  380.9 s
  k= 70 f=2.6703e-04 Hz  381.1 s
  k= 71 f=2.7084e-04 Hz  381.0 s
  k= 72 f=2.7466e-04 Hz  381.1 s
  k= 69 f=2.6321e-04 Hz  387.3 s
  k= 73 f=2.7847e-04 Hz  376.1 s
  k= 74 f=2.8229e-04 Hz  381.0 s
  k= 75 f=2.8610e-04 Hz  376.7 s
  k= 77 f=2.9373e-04 Hz  377.6 s
  k= 76 f=2.8992e-04 Hz  380.3 s
  k= 78 f=2.9755e-04 Hz  383.0 s
  k= 79 f=3.0136e-04 Hz  381.8 s
  k= 82 f=3.1281e-04 Hz  381.4 s
  k= 80 f=3.0518e-04 Hz  385.2 s
  k= 84 f=3.2043e-04 Hz  379.2 s
  k= 81 f=3.0899e-04 Hz  384.2 s
  k= 83 f=3.1662e-04 Hz  385.2 s
  k= 85 f=3.2425e-04 Hz  377.1 s
  k= 86 f=3.2806e-04 Hz  383.1 s
  k= 87 f=3.3188e-04 Hz  381.6 s
  k= 88 f=3.3569e-04 Hz  378.1 s
  k= 89 f=3.3951e-04 Hz  380.5 s
  k= 91 f=3.4714e-04 Hz  382.1 s
  k= 90 f=3.4332e-04 Hz  383.5 s
  k= 94 f=3.5858e-04 Hz  379.6 s
  k= 92 f=3.5095e-04 Hz  383.4 s
  k= 93 f=3.5477e-04 Hz  384.8 s
  k= 95 f=3.6240e-04 Hz  382.3 s
  k= 96 f=3.6621e-04 Hz  382.9 s
  k= 97 f=3.7003e-04 Hz  380.4 s
  k= 98 f=3.7384e-04 Hz  381.3 s
  k= 99 f=3.7766e-04 Hz  376.4 s
  k=100 f=3.8147e-04 Hz  377.9 s
  k=101 f=3.8528e-04 Hz  379.1 s
  k=103 f=3.9291e-04 Hz  380.2 s
  k=102 f=3.8910e-04 Hz  380.8 s
  k=104 f=3.9673e-04 Hz  378.2 s
  k=105 f=4.0054e-04 Hz  380.7 s
  k=106 f=4.0436e-04 Hz  384.0 s
  k=107 f=4.0817e-04 Hz  384.4 s
  k=108 f=4.1199e-04 Hz  382.0 s
  k=109 f=4.1580e-04 Hz  377.4 s
  k=111 f=4.2343e-04 Hz  375.2 s
  k=110 f=4.1962e-04 Hz  380.9 s
  k=112 f=4.2725e-04 Hz  377.0 s
  k=113 f=4.3106e-04 Hz  377.2 s
  k=116 f=4.4250e-04 Hz  376.7 s
  k=114 f=4.3488e-04 Hz  381.1 s
  k=115 f=4.3869e-04 Hz  381.4 s
  k=117 f=4.4632e-04 Hz  381.6 s
  k=119 f=4.5395e-04 Hz  380.9 s
  k=118 f=4.5013e-04 Hz  385.1 s
  k=120 f=4.5776e-04 Hz  388.2 s
  k=121 f=4.6158e-04 Hz  375.0 s
  k=122 f=4.6539e-04 Hz  376.5 s
  k=124 f=4.7302e-04 Hz  376.8 s
  k=123 f=4.6921e-04 Hz  380.7 s
  k=125 f=4.7684e-04 Hz  383.5 s
  k=126 f=4.8065e-04 Hz  378.9 s
  k=127 f=4.8447e-04 Hz  382.1 s
  k=128 f=4.8828e-04 Hz  381.7 s
  k=129 f=4.9210e-04 Hz  379.9 s
  k=130 f=4.9591e-04 Hz  381.7 s
  k=131 f=4.9973e-04 Hz  381.9 s
  k=132 f=5.0354e-04 Hz  383.7 s
  k=133 f=5.0735e-04 Hz  339.7 s
  k=134 f=5.1117e-04 Hz  337.0 s
  k=135 f=5.1498e-04 Hz  336.7 s
  k=136 f=5.1880e-04 Hz  335.4 s
  k=137 f=5.2261e-04 Hz  335.2 s
  k=138 f=5.2643e-04 Hz  332.3 s
twolayer: 138 harmonics in 4524.5 s (12 procs)
wrote bem_twolayer.npz
== compare Fri Jul 10 03:29:29 AM PDT 2026 ==
conjugation=False: homog median rel RMS 1.146e+00
conjugation=True: homog median rel RMS 3.545e-02
frozen BEM spectral convention: conjugate=True
metric window 0-24000 s (P, S, R1 at all distances)
homogeneous (baseline): median rel RMS 3.545e-02, max 7.424e-02, min corr 0.998286
two-layer (welded):     median rel RMS 5.361e-02, max 9.521e-02, min corr 0.995658, median amp ratio 1.0028
gate: e1 <= 2.5*e0 [True], two-layer min corr > 0.9 [True], baseline floor sane e0 < 20% [True], amp ratio in [0.9,1.1] [True]
DSM ARBITRATION PASSED
wrote /pscratch/sd/y/ytian159/astroseis_qtest/dsm_arbitration_hi/waveforms_homog_mrr_Z.png (error magnification x15)
wrote /pscratch/sd/y/ytian159/astroseis_qtest/dsm_arbitration_hi/waveforms_homog_mrt_T.png (error magnification x3)
wrote /pscratch/sd/y/ytian159/astroseis_qtest/dsm_arbitration_hi/waveforms_twolayer_mrr_Z.png (error magnification x4)
wrote /pscratch/sd/y/ytian159/astroseis_qtest/dsm_arbitration_hi/waveforms_twolayer_mrt_T.png (error magnification x2)
== HI-RES CAMPAIGN DONE Fri Jul 10 03:29:33 AM PDT 2026 ==
