
The following have been reloaded with a version change:
  1) gcc-native/14 => gcc-native/13.2

== inputs Fri Jul 10 03:31:13 AM PDT 2026 ==
mesh r= 6371.0 km: n=3184 faces, mean r 6361.3 km -> mesh_r06371_n400.npz
mesh r= 1221.5 km: n=752 faces, mean r 1213.6 km -> mesh_r01222_n96.npz
mesh r= 3480.0 km: n=3184 faces, mean r 3474.7 km -> mesh_r03480_n400.npz
  ST00 face  2522  dist   19.98 deg  lat  -13.976 lon    11.534 r 6361.3 km
  ST01 face  3026  dist   30.00 deg  lat  -18.698 lon    -5.268 r 6361.3 km
  ST02 face  1462  dist   45.00 deg  lat  -38.993 lon    11.322 r 6360.8 km
  ST03 face  2722  dist   60.03 deg  lat  -24.555 lon   -41.106 r 6361.4 km
  ST04 face   753  dist   74.95 deg  lat  -57.344 lon    61.608 r 6360.9 km
  ST05 face   172  dist   90.02 deg  lat   78.301 lon  -108.602 r 6361.0 km
  ST06 face  1059  dist  105.02 deg  lat   57.725 lon  -118.871 r 6361.2 km
  ST07 face   288  dist  119.99 deg  lat  -65.811 lon  -160.959 r 6361.4 km
  ST08 face  1858  dist  134.96 deg  lat   16.374 lon  -128.481 r 6360.9 km
  ST09 face   210  dist  150.02 deg  lat  -18.158 lon  -139.908 r 6360.8 km
  ST10 face   541  dist  160.12 deg  lat   -0.608 lon   172.825 r 6361.1 km
  ST11 face  1419  dist  169.99 deg  lat  -13.273 lon  -174.986 r 6360.4 km
wrote DSM inputs + manifest.json
== DSM Fri Jul 10 03:32:08 AM PDT 2026 ==
== BEM homog Fri Jul 10 03:32:09 AM PDT 2026 ==
homog: 1 layers, system size 9552, geometry built in 8.2 s
  k= 19 f=7.2479e-05 Hz  42.0 s
  k= 21 f=8.0109e-05 Hz  42.0 s
  k=  7 f=2.6703e-05 Hz  42.4 s
  k= 18 f=6.8665e-05 Hz  42.6 s
  k=  6 f=2.2888e-05 Hz  42.8 s
  k=  5 f=1.9073e-05 Hz  42.9 s
  k= 12 f=4.5776e-05 Hz  43.0 s
  k=  8 f=3.0518e-05 Hz  43.1 s
  k= 17 f=6.4850e-05 Hz  43.1 s
  k= 14 f=5.3406e-05 Hz  43.1 s
  k= 13 f=4.9591e-05 Hz  43.2 s
  k=  1 f=3.8147e-06 Hz  43.2 s
  k=  3 f=1.1444e-05 Hz  43.3 s
  k= 24 f=9.1553e-05 Hz  43.3 s
  k= 10 f=3.8147e-05 Hz  43.4 s
  k= 16 f=6.1035e-05 Hz  43.4 s
  k=  2 f=7.6294e-06 Hz  43.5 s
  k= 23 f=8.7738e-05 Hz  43.5 s
  k= 15 f=5.7220e-05 Hz  43.5 s
  k=  9 f=3.4332e-05 Hz  43.5 s
  k= 22 f=8.3923e-05 Hz  43.6 s
  k= 20 f=7.6294e-05 Hz  43.9 s
  k=  4 f=1.5259e-05 Hz  44.2 s
  k= 11 f=4.1962e-05 Hz  44.4 s
  k= 26 f=9.9182e-05 Hz  42.2 s
  k= 25 f=9.5367e-05 Hz  42.4 s
  k= 27 f=1.0300e-04 Hz  42.7 s
  k= 33 f=1.2589e-04 Hz  42.0 s
  k= 28 f=1.0681e-04 Hz  42.6 s
  k= 30 f=1.1444e-04 Hz  42.8 s
  k= 32 f=1.2207e-04 Hz  42.7 s
  k= 34 f=1.2970e-04 Hz  42.7 s
  k= 31 f=1.1826e-04 Hz  42.8 s
  k= 36 f=1.3733e-04 Hz  43.1 s
  k= 29 f=1.1063e-04 Hz  43.5 s
  k= 43 f=1.6403e-04 Hz  42.8 s
  k= 44 f=1.6785e-04 Hz  42.9 s
  k= 39 f=1.4877e-04 Hz  43.1 s
  k= 35 f=1.3351e-04 Hz  43.4 s
  k= 41 f=1.5640e-04 Hz  43.1 s
  k= 40 f=1.5259e-04 Hz  43.2 s
  k= 42 f=1.6022e-04 Hz  43.1 s
  k= 38 f=1.4496e-04 Hz  43.4 s
  k= 47 f=1.7929e-04 Hz  42.7 s
  k= 37 f=1.4114e-04 Hz  43.5 s
  k= 45 f=1.7166e-04 Hz  43.2 s
  k= 46 f=1.7548e-04 Hz  43.0 s
  k= 48 f=1.8311e-04 Hz  42.9 s
  k= 49 f=1.8692e-04 Hz  42.0 s
  k= 50 f=1.9073e-04 Hz  42.1 s
  k= 53 f=2.0218e-04 Hz  42.4 s
  k= 52 f=1.9836e-04 Hz  42.5 s
  k= 51 f=1.9455e-04 Hz  42.6 s
  k= 56 f=2.1362e-04 Hz  42.3 s
  k= 54 f=2.0599e-04 Hz  42.6 s
  k= 55 f=2.0981e-04 Hz  42.6 s
  k= 57 f=2.1744e-04 Hz  43.0 s
  k= 63 f=2.4033e-04 Hz  42.5 s
  k= 65 f=2.4796e-04 Hz  42.5 s
  k= 59 f=2.2507e-04 Hz  42.9 s
  k= 69 f=2.6321e-04 Hz  42.4 s
  k= 60 f=2.2888e-04 Hz  42.9 s
  k= 58 f=2.2125e-04 Hz  43.0 s
  k= 64 f=2.4414e-04 Hz  43.0 s
  k= 70 f=2.6703e-04 Hz  43.0 s
  k= 62 f=2.3651e-04 Hz  43.3 s
  k= 61 f=2.3270e-04 Hz  43.4 s
  k= 68 f=2.5940e-04 Hz  43.0 s
  k= 67 f=2.5558e-04 Hz  43.2 s
  k= 72 f=2.7466e-04 Hz  42.8 s
  k= 66 f=2.5177e-04 Hz  43.5 s
  k= 71 f=2.7084e-04 Hz  43.2 s
  k= 73 f=2.7847e-04 Hz  42.2 s
  k= 74 f=2.8229e-04 Hz  42.6 s
  k= 75 f=2.8610e-04 Hz  42.1 s
  k= 76 f=2.8992e-04 Hz  42.5 s
  k= 78 f=2.9755e-04 Hz  42.3 s
  k= 77 f=2.9373e-04 Hz  43.2 s
  k= 79 f=3.0136e-04 Hz  42.7 s
  k= 80 f=3.0518e-04 Hz  42.7 s
  k= 83 f=3.1662e-04 Hz  42.3 s
  k= 81 f=3.0899e-04 Hz  42.6 s
  k= 82 f=3.1281e-04 Hz  42.8 s
  k= 85 f=3.2425e-04 Hz  42.6 s
  k= 84 f=3.2043e-04 Hz  42.9 s
  k= 87 f=3.3188e-04 Hz  43.0 s
  k= 86 f=3.2806e-04 Hz  43.3 s
  k= 88 f=3.3569e-04 Hz  43.1 s
  k= 92 f=3.5095e-04 Hz  42.8 s
  k= 89 f=3.3951e-04 Hz  43.1 s
  k= 94 f=3.5858e-04 Hz  42.9 s
  k= 90 f=3.4332e-04 Hz  43.2 s
  k= 93 f=3.5477e-04 Hz  43.2 s
  k= 96 f=3.6621e-04 Hz  43.1 s
  k= 91 f=3.4714e-04 Hz  43.5 s
  k= 95 f=3.6240e-04 Hz  43.7 s
  k= 97 f=3.7003e-04 Hz  42.6 s
  k= 99 f=3.7766e-04 Hz  42.0 s
  k= 98 f=3.7384e-04 Hz  42.7 s
  k=101 f=3.8528e-04 Hz  42.3 s
  k=100 f=3.8147e-04 Hz  42.7 s
  k=103 f=3.9291e-04 Hz  42.4 s
  k=104 f=3.9673e-04 Hz  42.6 s
  k=105 f=4.0054e-04 Hz  42.2 s
  k=102 f=3.8910e-04 Hz  43.0 s
  k=106 f=4.0436e-04 Hz  42.6 s
  k=108 f=4.1199e-04 Hz  42.4 s
  k=107 f=4.0817e-04 Hz  42.9 s
  k=109 f=4.1580e-04 Hz  43.4 s
  k=110 f=4.1962e-04 Hz  43.2 s
  k=112 f=4.2725e-04 Hz  43.0 s
  k=113 f=4.3106e-04 Hz  43.1 s
  k=111 f=4.2343e-04 Hz  43.4 s
  k=115 f=4.3869e-04 Hz  43.1 s
  k=114 f=4.3488e-04 Hz  43.1 s
  k=117 f=4.4632e-04 Hz  43.3 s
  k=118 f=4.5013e-04 Hz  43.3 s
  k=116 f=4.4250e-04 Hz  43.6 s
  k=120 f=4.5776e-04 Hz  43.1 s
  k=119 f=4.5395e-04 Hz  43.6 s
  k=121 f=4.6158e-04 Hz  39.4 s
  k=122 f=4.6539e-04 Hz  39.0 s
  k=123 f=4.6921e-04 Hz  39.5 s
  k=124 f=4.7302e-04 Hz  39.0 s
  k=125 f=4.7684e-04 Hz  39.5 s
  k=126 f=4.8065e-04 Hz  38.9 s
  k=128 f=4.8828e-04 Hz  39.1 s
  k=127 f=4.8447e-04 Hz  39.3 s
  k=129 f=4.9210e-04 Hz  39.5 s
  k=130 f=4.9591e-04 Hz  39.5 s
  k=131 f=4.9973e-04 Hz  39.4 s
  k=134 f=5.1117e-04 Hz  39.3 s
  k=132 f=5.0354e-04 Hz  40.3 s
  k=133 f=5.0735e-04 Hz  39.5 s
  k=135 f=5.1498e-04 Hz  39.6 s
  k=136 f=5.1880e-04 Hz  39.4 s
  k=138 f=5.2643e-04 Hz  39.5 s
  k=137 f=5.2261e-04 Hz  39.5 s
homog: 138 harmonics in 255.8 s (24 procs)
wrote bem_homog.npz
== BEM corefluid3 Fri Jul 10 03:36:34 AM PDT 2026 ==
corefluid3: 3 layers, system size 25296, geometry built in 28.1 s
  k=  4 f=1.5259e-05 Hz  391.4 s
  k=  2 f=7.6294e-06 Hz  392.6 s
  k=  7 f=2.6703e-05 Hz  393.4 s
  k=  6 f=2.2888e-05 Hz  393.8 s
  k= 12 f=4.5776e-05 Hz  393.9 s
  k=  1 f=3.8147e-06 Hz  394.0 s
  k=  5 f=1.9073e-05 Hz  394.8 s
  k=  9 f=3.4332e-05 Hz  394.9 s
  k=  3 f=1.1444e-05 Hz  395.5 s
  k=  8 f=3.0518e-05 Hz  395.8 s
  k= 10 f=3.8147e-05 Hz  396.4 s
  k= 11 f=4.1962e-05 Hz  399.2 s
  k= 13 f=4.9591e-05 Hz  389.7 s
  k= 14 f=5.3406e-05 Hz  391.9 s
  k= 16 f=6.1035e-05 Hz  391.2 s
  k= 15 f=5.7220e-05 Hz  392.1 s
  k= 18 f=6.8665e-05 Hz  392.0 s
  k= 21 f=8.0109e-05 Hz  390.7 s
  k= 17 f=6.4850e-05 Hz  394.5 s
  k= 19 f=7.2479e-05 Hz  393.6 s
  k= 23 f=8.7738e-05 Hz  393.0 s
  k= 22 f=8.3923e-05 Hz  393.9 s
  k= 20 f=7.6294e-05 Hz  397.9 s
  k= 24 f=9.1553e-05 Hz  394.1 s
  k= 25 f=9.5367e-05 Hz  391.4 s
  k= 26 f=9.9182e-05 Hz  393.0 s
  k= 27 f=1.0300e-04 Hz  392.8 s
  k= 30 f=1.1444e-04 Hz  392.3 s
  k= 28 f=1.0681e-04 Hz  393.1 s
  k= 29 f=1.1063e-04 Hz  394.7 s
  k= 31 f=1.1826e-04 Hz  392.8 s
  k= 33 f=1.2589e-04 Hz  393.7 s
  k= 34 f=1.2970e-04 Hz  393.5 s
  k= 32 f=1.2207e-04 Hz  399.0 s
  k= 35 f=1.3351e-04 Hz  398.5 s
  k= 36 f=1.3733e-04 Hz  398.0 s
  k= 37 f=1.4114e-04 Hz  392.9 s
  k= 40 f=1.5259e-04 Hz  394.0 s
  k= 41 f=1.5640e-04 Hz  394.3 s
  k= 39 f=1.4877e-04 Hz  395.4 s
  k= 38 f=1.4496e-04 Hz  395.9 s
  k= 43 f=1.6403e-04 Hz  395.0 s
  k= 42 f=1.6022e-04 Hz  395.8 s
  k= 44 f=1.6785e-04 Hz  394.6 s
  k= 45 f=1.7166e-04 Hz  395.2 s
  k= 46 f=1.7548e-04 Hz  396.3 s
  k= 47 f=1.7929e-04 Hz  398.0 s
  k= 48 f=1.8311e-04 Hz  399.6 s
  k= 49 f=1.8692e-04 Hz  394.8 s
  k= 50 f=1.9073e-04 Hz  394.6 s
  k= 53 f=2.0218e-04 Hz  394.5 s
  k= 51 f=1.9455e-04 Hz  395.6 s
  k= 52 f=1.9836e-04 Hz  396.2 s
  k= 56 f=2.1362e-04 Hz  396.8 s
  k= 57 f=2.1744e-04 Hz  397.1 s
  k= 54 f=2.0599e-04 Hz  399.6 s
  k= 55 f=2.0981e-04 Hz  401.8 s
  k= 58 f=2.2125e-04 Hz  398.4 s
  k= 60 f=2.2888e-04 Hz  399.1 s
  k= 59 f=2.2507e-04 Hz  402.4 s
  k= 61 f=2.3270e-04 Hz  396.1 s
  k= 62 f=2.3651e-04 Hz  396.4 s
  k= 63 f=2.4033e-04 Hz  395.6 s
  k= 64 f=2.4414e-04 Hz  396.7 s
  k= 65 f=2.4796e-04 Hz  400.5 s
  k= 68 f=2.5940e-04 Hz  395.6 s
  k= 66 f=2.5177e-04 Hz  398.6 s
  k= 67 f=2.5558e-04 Hz  400.5 s
  k= 69 f=2.6321e-04 Hz  398.9 s
  k= 70 f=2.6703e-04 Hz  402.8 s
  k= 71 f=2.7084e-04 Hz  398.7 s
  k= 72 f=2.7466e-04 Hz  400.8 s
  k= 73 f=2.7847e-04 Hz  400.6 s
  k= 74 f=2.8229e-04 Hz  396.0 s
  k= 75 f=2.8610e-04 Hz  396.4 s
  k= 76 f=2.8992e-04 Hz  398.0 s
  k= 78 f=2.9755e-04 Hz  397.6 s
  k= 79 f=3.0136e-04 Hz  398.1 s
  k= 77 f=2.9373e-04 Hz  403.8 s
  k= 80 f=3.0518e-04 Hz  399.4 s
  k= 81 f=3.0899e-04 Hz  400.7 s
  k= 82 f=3.1281e-04 Hz  402.6 s
  k= 83 f=3.1662e-04 Hz  404.2 s
  k= 84 f=3.2043e-04 Hz  404.6 s
  k= 85 f=3.2425e-04 Hz  399.1 s
  k= 86 f=3.2806e-04 Hz  397.6 s
  k= 87 f=3.3188e-04 Hz  398.5 s
  k= 88 f=3.3569e-04 Hz  398.9 s
  k= 89 f=3.3951e-04 Hz  398.1 s
  k= 90 f=3.4332e-04 Hz  399.6 s
  k= 91 f=3.4714e-04 Hz  403.2 s
  k= 92 f=3.5095e-04 Hz  403.5 s
  k= 93 f=3.5477e-04 Hz  402.1 s
  k= 94 f=3.5858e-04 Hz  406.6 s
  k= 95 f=3.6240e-04 Hz  403.6 s
  k= 96 f=3.6621e-04 Hz  407.2 s
  k= 97 f=3.7003e-04 Hz  400.8 s
  k= 98 f=3.7384e-04 Hz  399.8 s
  k= 99 f=3.7766e-04 Hz  399.5 s
  k=100 f=3.8147e-04 Hz  400.7 s
  k=101 f=3.8528e-04 Hz  400.7 s
  k=102 f=3.8910e-04 Hz  400.5 s
  k=103 f=3.9291e-04 Hz  405.6 s
  k=105 f=4.0054e-04 Hz  403.2 s
  k=104 f=3.9673e-04 Hz  406.8 s
  k=106 f=4.0436e-04 Hz  402.7 s
  k=107 f=4.0817e-04 Hz  404.4 s
  k=108 f=4.1199e-04 Hz  405.6 s
  k=110 f=4.1962e-04 Hz  399.3 s
  k=109 f=4.1580e-04 Hz  399.9 s
  k=111 f=4.2343e-04 Hz  401.9 s
  k=112 f=4.2725e-04 Hz  401.2 s
  k=113 f=4.3106e-04 Hz  401.1 s
  k=114 f=4.3488e-04 Hz  400.3 s
  k=116 f=4.4250e-04 Hz  406.0 s
  k=115 f=4.3869e-04 Hz  407.8 s
  k=117 f=4.4632e-04 Hz  409.8 s
  k=118 f=4.5013e-04 Hz  403.1 s
  k=119 f=4.5395e-04 Hz  406.6 s
  k=120 f=4.5776e-04 Hz  405.7 s
  k=121 f=4.6158e-04 Hz  401.7 s
  k=122 f=4.6539e-04 Hz  401.2 s
  k=123 f=4.6921e-04 Hz  401.3 s
  k=124 f=4.7302e-04 Hz  401.4 s
  k=125 f=4.7684e-04 Hz  401.8 s
  k=126 f=4.8065e-04 Hz  401.3 s
  k=127 f=4.8447e-04 Hz  404.7 s
  k=129 f=4.9210e-04 Hz  401.7 s
  k=128 f=4.8828e-04 Hz  409.2 s
  k=130 f=4.9591e-04 Hz  408.7 s
  k=131 f=4.9973e-04 Hz  404.1 s
  k=132 f=5.0354e-04 Hz  405.9 s
  k=134 f=5.1117e-04 Hz  397.2 s
  k=133 f=5.0735e-04 Hz  397.4 s
  k=135 f=5.1498e-04 Hz  396.5 s
  k=136 f=5.1880e-04 Hz  395.5 s
  k=137 f=5.2261e-04 Hz  396.3 s
  k=138 f=5.2643e-04 Hz  395.7 s
corefluid3: 138 harmonics in 4768.9 s (12 procs)
wrote bem_corefluid3.npz
== score Fri Jul 10 04:56:32 AM PDT 2026 ==
conjugation=False: homog median rel RMS 1.155e+00
conjugation=True: homog median rel RMS 5.896e-02
frozen BEM spectral convention: conjugate=True
metric window 0-24000 s (P, S, R1 at all distances); gates on per-station 3-component VECTOR metrics
homog (baseline):  median rel RMS 5.896e-02, max 1.221e-01, min corr 0.995397
corefluid3 (layered): median rel RMS 1.957e-01, max 7.562e-01, min corr 0.831059, median amp ratio 0.9986
  gate: e <= 2.5*e0 [False], min corr > 0.9 [False], amp ratio in [0.9,1.1] [True]
baseline floor sane e0 < 20%: True
DSM ARBITRATION FAILED
wrote /pscratch/sd/y/ytian159/astroseis_qtest/dsm_arbitration_r2b_hi/waveforms_homog_mrr_Z.png (error magnification x8)
wrote /pscratch/sd/y/ytian159/astroseis_qtest/dsm_arbitration_r2b_hi/waveforms_homog_mrt_T.png (error magnification x2)
wrote /pscratch/sd/y/ytian159/astroseis_qtest/dsm_arbitration_r2b_hi/waveforms_corefluid3_mrr_Z.png (error magnification x1)
wrote /pscratch/sd/y/ytian159/astroseis_qtest/dsm_arbitration_r2b_hi/waveforms_corefluid3_mrt_T.png (error magnification x1)
